// Jest Snapshot v1, https://goo.gl/fbAQLP

exports[`Pruebas en <GifItem /> debe hacer match en el snapshot 1`] = `
<div>
  <div
    class="card"
  >
    <img
      alt="Hello world"
      src="https://media1.giphy.com/media/2y98KScHKeaQM/giphy.gif?cid=39ae98e5q29hy9kunadf2qo0a12204ne9e8hkjhfah9bago1&rid=giphy.gif&ct=g"
    />
    <p>
      Hello world
    </p>
  </div>
</div>
`;
