// Jest Snapshot v1, https://goo.gl/fbAQLP

exports[`Pruebas en GifGridItem debe de mostrar <GifGridItem> correctamente 1`] = `
<div
  className="card animate__animated animate__fadeIn animate__faster"
>
  <img
    alt="Hola mundo"
    src="https://media.giphy.com/media/oMLJaPmbUnoC4/giphy.gif"
  />
  <p>
    Hola mundo
  </p>
</div>
`;
